Teste do branch


Eduardo@Eduardo-PC MINGW64 /c/_git/Clone/Primeiro (main)
$ git branch
* main

Eduardo@Eduardo-PC MINGW64 /c/_git/Clone/Primeiro (main)
$ git branch teste2

Eduardo@Eduardo-PC MINGW64 /c/_git/Clone/Primeiro (main)
$  git checkout teste2
Switched to branch 'teste2'

Eduardo@Eduardo-PC MINGW64 /c/_git/Clone/Primeiro (teste2)
$ git status
On branch teste2
Untracked files:
  (use "git add <file>..." to include in what will be committed)
        Teste Branch.txt

nothing added to commit but untracked files present (use "git add" to track)

Eduardo@Eduardo-PC MINGW64 /c/_git/Clone/Primeiro (teste2)
$
